EN clock NULL /home/marek/Dropbox/Projekty/CPLDclock/code/clock.vhd sub00/vhpl12 1611316982
AR bcdcount behavioral /home/marek/Dropbox/Projekty/CPLDclock/code/bcdcount.vhd sub00/vhpl01 1611316971
AR decconv behavioral /home/marek/Dropbox/Projekty/CPLDclock/code/decconv.vhd sub00/vhpl11 1611316981
EN fdivider NULL /home/marek/Dropbox/Projekty/CPLDclock/code/FDivider.vhd sub00/vhpl02 1611316972
EN bcdcnt24 NULL /home/marek/Dropbox/Projekty/CPLDclock/code/bcdcnt24.vhd sub00/vhpl08 1611316978
EN bcdcnt60 NULL /home/marek/Dropbox/Projekty/CPLDclock/code/bcdcnt60.vhd sub00/vhpl06 1611316976
AR clock behavioral /home/marek/Dropbox/Projekty/CPLDclock/code/clock.vhd sub00/vhpl13 1611316983
AR pushbutton behavioral /home/marek/Dropbox/Projekty/CPLDclock/code/PushButton.vhd sub00/vhpl05 1611316975
AR bcdcnt24 behavioral /home/marek/Dropbox/Projekty/CPLDclock/code/bcdcnt24.vhd sub00/vhpl09 1611316979
EN pushbutton NULL /home/marek/Dropbox/Projekty/CPLDclock/code/PushButton.vhd sub00/vhpl04 1611316974
AR fdivider behavioral /home/marek/Dropbox/Projekty/CPLDclock/code/FDivider.vhd sub00/vhpl03 1611316973
EN decconv NULL /home/marek/Dropbox/Projekty/CPLDclock/code/decconv.vhd sub00/vhpl10 1611316980
AR bcdcnt60 behavioral /home/marek/Dropbox/Projekty/CPLDclock/code/bcdcnt60.vhd sub00/vhpl07 1611316977
EN bcdcount NULL /home/marek/Dropbox/Projekty/CPLDclock/code/bcdcount.vhd sub00/vhpl00 1611316970
