V3 27
FL /home/marek/Dropbox/Projekty/CPLDclock/code/bcdcnt24.vhd 2020/12/11.15:04:42 P.20131013
EN work/bcdcnt24 1611316978 \
      FL /home/marek/Dropbox/Projekty/CPLDclock/code/bcdcnt24.vhd \
      PB ieee/std_logic_1164 1381692176
AR work/bcdcnt24/Behavioral 1611316979 \
      FL /home/marek/Dropbox/Projekty/CPLDclock/code/bcdcnt24.vhd \
      EN work/bcdcnt24 1611316978 CP bcdcount
FL /home/marek/Dropbox/Projekty/CPLDclock/code/bcdcnt60.vhd 2020/12/11.11:30:11 P.20131013
EN work/bcdcnt60 1611316976 \
      FL /home/marek/Dropbox/Projekty/CPLDclock/code/bcdcnt60.vhd \
      PB ieee/std_logic_1164 1381692176
AR work/bcdcnt60/Behavioral 1611316977 \
      FL /home/marek/Dropbox/Projekty/CPLDclock/code/bcdcnt60.vhd \
      EN work/bcdcnt60 1611316976 CP bcdcount
FL /home/marek/Dropbox/Projekty/CPLDclock/code/bcdcount.vhd 2020/12/11.11:30:11 P.20131013
EN work/bcdcount 1611316970 \
      FL /home/marek/Dropbox/Projekty/CPLDclock/code/bcdcount.vhd \
      PB ieee/std_logic_1164 1381692176 PB ieee/NUMERIC_STD 1381692181
AR work/bcdcount/Behavioral 1611316971 \
      FL /home/marek/Dropbox/Projekty/CPLDclock/code/bcdcount.vhd \
      EN work/bcdcount 1611316970
FL /home/marek/Dropbox/Projekty/CPLDclock/code/clock.vhd 2020/12/11.23:00:55 P.20131013
EN work/clock 1611316982 FL /home/marek/Dropbox/Projekty/CPLDclock/code/clock.vhd \
      PB ieee/std_logic_1164 1381692176 PB ieee/NUMERIC_STD 1381692181
AR work/clock/Behavioral 1611316983 \
      FL /home/marek/Dropbox/Projekty/CPLDclock/code/clock.vhd EN work/clock 1611316982 \
      CP FDivider CP PushButton CP bcdcnt60 CP bcdcnt24 CP decconv
FL /home/marek/Dropbox/Projekty/CPLDclock/code/decconv.vhd 2020/12/05.21:27:53 P.20131013
EN work/decconv 1611316980 \
      FL /home/marek/Dropbox/Projekty/CPLDclock/code/decconv.vhd \
      PB ieee/std_logic_1164 1381692176
AR work/decconv/Behavioral 1611316981 \
      FL /home/marek/Dropbox/Projekty/CPLDclock/code/decconv.vhd EN work/decconv 1611316980
FL /home/marek/Dropbox/Projekty/CPLDclock/code/FDivider.vhd 2020/12/07.18:18:53 P.20131013
EN work/FDivider 1611316972 \
      FL /home/marek/Dropbox/Projekty/CPLDclock/code/FDivider.vhd \
      PB ieee/std_logic_1164 1381692176 PB ieee/NUMERIC_STD 1381692181
AR work/FDivider/Behavioral 1611316973 \
      FL /home/marek/Dropbox/Projekty/CPLDclock/code/FDivider.vhd \
      EN work/FDivider 1611316972
FL /home/marek/Dropbox/Projekty/CPLDclock/code/PushButton.vhd 2020/12/11.17:22:38 P.20131013
EN work/PushButton 1611316974 \
      FL /home/marek/Dropbox/Projekty/CPLDclock/code/PushButton.vhd \
      PB ieee/std_logic_1164 1381692176
AR work/PushButton/Behavioral 1611316975 \
      FL /home/marek/Dropbox/Projekty/CPLDclock/code/PushButton.vhd \
      EN work/PushButton 1611316974
