V3 19
FL /home/marek/Dropbox/Projekty/CPLDclock/code/bin2bcd.vhd 2020/12/05.15:10:47 P.20131013
EN work/bin2bcd 1607178507 \
      FL /home/marek/Dropbox/Projekty/CPLDclock/code/bin2bcd.vhd \
      PB ieee/std_logic_1164 1381692176 PB ieee/NUMERIC_STD 1381692181
AR work/bin2bcd/Behavioral 1607178508 \
      FL /home/marek/Dropbox/Projekty/CPLDclock/code/bin2bcd.vhd EN work/bin2bcd 1607178507
FL /home/marek/Dropbox/Projekty/CPLDclock/code/clock.vhd 2020/12/05.15:14:58 P.20131013
EN work/clock 1607178515 FL /home/marek/Dropbox/Projekty/CPLDclock/code/clock.vhd \
      PB ieee/std_logic_1164 1381692176 PB ieee/NUMERIC_STD 1381692181
AR work/clock/Behavioral 1607178516 \
      FL /home/marek/Dropbox/Projekty/CPLDclock/code/clock.vhd EN work/clock 1607178515 \
      CP FDivider CP deccount CP hexconv
FL /home/marek/Dropbox/Projekty/CPLDclock/code/deccount.vhd 2020/12/05.13:27:40 P.20131013
EN work/deccount 1607178511 \
      FL /home/marek/Dropbox/Projekty/CPLDclock/code/deccount.vhd \
      PB ieee/std_logic_1164 1381692176 PB ieee/NUMERIC_STD 1381692181
AR work/deccount/Behavioral 1607178512 \
      FL /home/marek/Dropbox/Projekty/CPLDclock/code/deccount.vhd \
      EN work/deccount 1607178511 CP bin2bcd
FL /home/marek/Dropbox/Projekty/CPLDclock/code/FDivider.vhd 2020/11/18.12:48:36 P.20131013
EN work/FDivider 1607178509 \
      FL /home/marek/Dropbox/Projekty/CPLDclock/code/FDivider.vhd \
      PB ieee/std_logic_1164 1381692176 PB ieee/NUMERIC_STD 1381692181
AR work/FDivider/Behavioral 1607178510 \
      FL /home/marek/Dropbox/Projekty/CPLDclock/code/FDivider.vhd \
      EN work/FDivider 1607178509
FL /home/marek/Dropbox/Projekty/CPLDclock/code/hexconv.vhd 2020/11/18.15:41:07 P.20131013
EN work/hexconv 1607178513 \
      FL /home/marek/Dropbox/Projekty/CPLDclock/code/hexconv.vhd \
      PB ieee/std_logic_1164 1381692176
AR work/hexconv/Behavioral 1607178514 \
      FL /home/marek/Dropbox/Projekty/CPLDclock/code/hexconv.vhd EN work/hexconv 1607178513
