Release 14.7 - xst P.20131013 (lin64)
Copyright (c) 1995-2013 Xilinx, Inc.  All rights reserved.
--> 
Parameter TMPDIR set to xst/projnav.tmp


Total REAL time to Xst completion: 0.00 secs
Total CPU time to Xst completion: 0.03 secs
 
--> 
Parameter xsthdpdir set to xst


Total REAL time to Xst completion: 0.00 secs
Total CPU time to Xst completion: 0.03 secs
 
--> 
Reading design: clock.prj

TABLE OF CONTENTS
  1) Synthesis Options Summary
  2) HDL Compilation
  3) Design Hierarchy Analysis
  4) HDL Analysis
  5) HDL Synthesis
     5.1) HDL Synthesis Report
  6) Advanced HDL Synthesis
     6.1) Advanced HDL Synthesis Report
  7) Low Level Synthesis
  8) Partition Report
  9) Final Report

=========================================================================
*                      Synthesis Options Summary                        *
=========================================================================
---- Source Parameters
Input File Name                    : "clock.prj"
Input Format                       : mixed
Ignore Synthesis Constraint File   : NO

---- Target Parameters
Output File Name                   : "clock"
Output Format                      : NGC
Target Device                      : CoolRunner2 CPLDs

---- Source Options
Top Module Name                    : clock
Automatic FSM Extraction           : YES
FSM Encoding Algorithm             : Auto
Safe Implementation                : No
Mux Extraction                     : Yes
Resource Sharing                   : YES

---- Target Options
Add IO Buffers                     : YES
MACRO Preserve                     : YES
XOR Preserve                       : YES
Equivalent register Removal        : YES

---- General Options
Optimization Goal                  : Speed
Optimization Effort                : 1
Keep Hierarchy                     : Yes
Netlist Hierarchy                  : As_Optimized
RTL Output                         : Yes
Hierarchy Separator                : /
Bus Delimiter                      : <>
Case Specifier                     : Maintain
Verilog 2001                       : YES

---- Other Options
Clock Enable                       : YES
wysiwyg                            : NO

=========================================================================


=========================================================================
*                          HDL Compilation                              *
=========================================================================
Compiling vhdl file "/home/marek/Dropbox/Projekty/CPLDclock/code/bin2bcd.vhd" in Library work.
Entity <bin2bcd> compiled.
Entity <bin2bcd> (Architecture <Behavioral>) compiled.
Compiling vhdl file "/home/marek/Dropbox/Projekty/CPLDclock/code/FDivider.vhd" in Library work.
Entity <FDivider> compiled.
Entity <FDivider> (Architecture <Behavioral>) compiled.
Compiling vhdl file "/home/marek/Dropbox/Projekty/CPLDclock/code/deccount.vhd" in Library work.
Entity <deccount> compiled.
Entity <deccount> (Architecture <Behavioral>) compiled.
Compiling vhdl file "/home/marek/Dropbox/Projekty/CPLDclock/code/hexconv.vhd" in Library work.
Entity <hexconv> compiled.
Entity <hexconv> (Architecture <Behavioral>) compiled.
Compiling vhdl file "/home/marek/Dropbox/Projekty/CPLDclock/code/clock.vhd" in Library work.
Entity <clock> compiled.
Entity <clock> (Architecture <Behavioral>) compiled.

=========================================================================
*                     Design Hierarchy Analysis                         *
=========================================================================
Analyzing hierarchy for entity <clock> in library <work> (architecture <Behavioral>).

Analyzing hierarchy for entity <FDivider> in library <work> (architecture <Behavioral>).

Analyzing hierarchy for entity <deccount> in library <work> (architecture <Behavioral>) with generics.
	maxval = 59

Analyzing hierarchy for entity <deccount> in library <work> (architecture <Behavioral>) with generics.
	maxval = 23

Analyzing hierarchy for entity <hexconv> in library <work> (architecture <Behavioral>).

Analyzing hierarchy for entity <bin2bcd> in library <work> (architecture <Behavioral>).


=========================================================================
*                            HDL Analysis                               *
=========================================================================
Analyzing Entity <clock> in library <work> (Architecture <Behavioral>).
WARNING:Xst:753 - "/home/marek/Dropbox/Projekty/CPLDclock/code/clock.vhd" line 98: Unconnected output port 'val' of component 'deccount'.
WARNING:Xst:753 - "/home/marek/Dropbox/Projekty/CPLDclock/code/clock.vhd" line 114: Unconnected output port 'clkout' of component 'deccount'.
Entity <clock> analyzed. Unit <clock> generated.

Analyzing Entity <FDivider> in library <work> (Architecture <Behavioral>).
Entity <FDivider> analyzed. Unit <FDivider> generated.

Analyzing generic Entity <deccount.1> in library <work> (Architecture <Behavioral>).
	maxval = 59
Entity <deccount.1> analyzed. Unit <deccount.1> generated.

Analyzing Entity <bin2bcd> in library <work> (Architecture <Behavioral>).
Entity <bin2bcd> analyzed. Unit <bin2bcd> generated.

Analyzing generic Entity <deccount.2> in library <work> (Architecture <Behavioral>).
	maxval = 23
Entity <deccount.2> analyzed. Unit <deccount.2> generated.

Analyzing Entity <hexconv> in library <work> (Architecture <Behavioral>).
Entity <hexconv> analyzed. Unit <hexconv> generated.


=========================================================================
*                           HDL Synthesis                               *
=========================================================================

Performing bidirectional port resolution...

Synthesizing Unit <FDivider>.
    Related source file is "/home/marek/Dropbox/Projekty/CPLDclock/code/FDivider.vhd".
    Found 15-bit up counter for signal <FDivCnt>.
    Summary:
	inferred   1 Counter(s).
Unit <FDivider> synthesized.


Synthesizing Unit <hexconv>.
    Related source file is "/home/marek/Dropbox/Projekty/CPLDclock/code/hexconv.vhd".
    Found 16x7-bit ROM for signal <Segments>.
    Summary:
	inferred   1 ROM(s).
Unit <hexconv> synthesized.


Synthesizing Unit <bin2bcd>.
    Related source file is "/home/marek/Dropbox/Projekty/CPLDclock/code/bin2bcd.vhd".
    Found 4-bit comparator greater for signal <bcd_3$cmp_gt0000> created at line 44.
    Found 4-bit comparator greater for signal <bcd_3$cmp_gt0001> created at line 44.
    Found 4-bit comparator greater for signal <bcd_3$cmp_gt0002> created at line 44.
    Found 4-bit comparator greater for signal <bcd_3$cmp_gt0003> created at line 44.
    Found 4-bit adder for signal <bcd_3_0$add0000> created at line 45.
    Found 4-bit adder for signal <bcd_3_0$add0001> created at line 45.
    Found 4-bit adder for signal <bcd_3_0$add0002> created at line 45.
    Found 4-bit adder for signal <bcd_3_0$add0003> created at line 45.
    Found 4-bit comparator greater for signal <bcd_6$cmp_gt0000> created at line 47.
    Found 4-bit adder for signal <bcd_7_4$add0000> created at line 48.
    Summary:
	inferred   5 Adder/Subtractor(s).
	inferred   5 Comparator(s).
Unit <bin2bcd> synthesized.


Synthesizing Unit <deccount_1>.
    Related source file is "/home/marek/Dropbox/Projekty/CPLDclock/code/deccount.vhd".
    Found 1-bit register for signal <clkout>.
    Found 7-bit up counter for signal <counter>.
    Summary:
	inferred   1 Counter(s).
Unit <deccount_1> synthesized.


Synthesizing Unit <deccount_2>.
    Related source file is "/home/marek/Dropbox/Projekty/CPLDclock/code/deccount.vhd".
    Found 1-bit register for signal <clkout>.
    Found 7-bit up counter for signal <counter>.
    Summary:
	inferred   1 Counter(s).
Unit <deccount_2> synthesized.


Synthesizing Unit <clock>.
    Related source file is "/home/marek/Dropbox/Projekty/CPLDclock/code/clock.vhd".
    Found 1-bit register for signal <dot>.
    Summary:
	inferred   1 D-type flip-flop(s).
Unit <clock> synthesized.


=========================================================================
HDL Synthesis Report

Macro Statistics
# ROMs                                                 : 4
 16x7-bit ROM                                          : 4
# Adders/Subtractors                                   : 15
 4-bit adder                                           : 15
# Counters                                             : 4
 15-bit up counter                                     : 1
 7-bit up counter                                      : 3
# Registers                                            : 4
 1-bit register                                        : 4
# Comparators                                          : 15
 4-bit comparator greater                              : 15

=========================================================================

=========================================================================
*                       Advanced HDL Synthesis                          *
=========================================================================

WARNING:Xst:1290 - Hierarchical block <bcdtranslator> is unconnected in block <seccount>.
   It will be removed from the design.

=========================================================================
Advanced HDL Synthesis Report

Macro Statistics
# ROMs                                                 : 4
 16x7-bit ROM                                          : 4
# Adders/Subtractors                                   : 15
 4-bit adder                                           : 15
# Counters                                             : 4
 15-bit up counter                                     : 1
 7-bit up counter                                      : 3
# Registers                                            : 1
 Flip-Flops                                            : 1

=========================================================================

=========================================================================
*                         Low Level Synthesis                           *
=========================================================================

Optimizing unit <clock> ...

Optimizing unit <hexconv> ...

Optimizing unit <bin2bcd> ...

Optimizing unit <FDivider> ...

Optimizing unit <deccount_1> ...
  implementation constraint: INIT=r	 : counter_5
  implementation constraint: INIT=r	 : counter_6
  implementation constraint: INIT=r	 : counter_0
  implementation constraint: INIT=r	 : counter_1
  implementation constraint: INIT=r	 : counter_2
  implementation constraint: INIT=r	 : counter_3
  implementation constraint: INIT=r	 : counter_4

Optimizing unit <deccount_2> ...
  implementation constraint: INIT=r	 : counter_5
  implementation constraint: INIT=r	 : counter_6
  implementation constraint: INIT=r	 : counter_0
  implementation constraint: INIT=r	 : counter_1
  implementation constraint: INIT=r	 : counter_2
  implementation constraint: INIT=r	 : counter_3
  implementation constraint: INIT=r	 : counter_4
WARNING:Xst:1290 - Hierarchical block <bcdtranslator> is unconnected in block <seccount>.
   It will be removed from the design.
WARNING:Xst:2677 - Node <clkout> of sequential type is unconnected in block <hourcount>.

=========================================================================
*                           Partition Report                            *
=========================================================================

Partition Implementation Status
-------------------------------

  No Partitions were found in this design.

-------------------------------

=========================================================================
*                            Final Report                               *
=========================================================================
Final Results
RTL Top Level Output File Name     : clock.ngr
Top Level Output File Name         : clock
Output Format                      : NGC
Optimization Goal                  : Speed
Keep Hierarchy                     : Yes
Target Technology                  : CoolRunner2 CPLDs
Macro Preserve                     : YES
XOR Preserve                       : YES
Clock Enable                       : YES
wysiwyg                            : NO

Design Statistics
# IOs                              : 33

Cell Usage :
# BELS                             : 852
#      AND2                        : 270
#      AND3                        : 11
#      AND4                        : 3
#      GND                         : 1
#      INV                         : 293
#      OR2                         : 208
#      OR3                         : 4
#      XOR2                        : 62
# FlipFlops/Latches                : 39
#      FD                          : 39
# IO Buffers                       : 33
#      IBUF                        : 1
#      OBUF                        : 32
=========================================================================


Total REAL time to Xst completion: 3.00 secs
Total CPU time to Xst completion: 3.29 secs
 
--> 


Total memory usage is 515368 kilobytes

Number of errors   :    0 (   0 filtered)
Number of warnings :    5 (   0 filtered)
Number of infos    :    0 (   0 filtered)

